[ 32%] Built target rtde
[35m[1mConsolidate compiler generated dependencies of target pico_kinova[0m
[ 37%] Built target jog_example
[ 41%] Built target forcemode_example
[ 46%] Built target movej_path_with_blend_example
[ 51%] Built target move_until_contact_example
[ 55%] Built target move_async_example
[ 60%] Built target servoj_example
[ 65%] Built target record_data_example
[ 74%] Built target robotiq_gripper_example
[ 74%] Built target move_path_async_example
[ 79%] Built target contact_detection_example
[ 83%] Built target io_example
[ 88%] Built target speedj_example
[ 93%] Built target realtime_control_example
[ 95%] [32mBuilding CXX object CMakeFiles/pico_kinova.dir/src/pico_kinova.cpp.o[0m
[ 97%] [32m[1mLinking CXX executable pico_kinova[0m
[100%] Built target pico_kinova
-- Install configuration: ""
-- Execute custom install script
-- Up-to-date symlink: /home/rpp/Desktop/pico_kinova/pico_kinova/install/pico_kinova/lib/pico_kinova/pico_kinova
-- Up-to-date symlink: /home/rpp/Desktop/pico_kinova/pico_kinova/install/pico_kinova/share/ament_index/resource_index/package_run_dependencies/pico_kinova
-- Up-to-date symlink: /home/rpp/Desktop/pico_kinova/pico_kinova/install/pico_kinova/share/ament_index/resource_index/parent_prefix_path/pico_kinova
-- Up-to-date symlink: /home/rpp/Desktop/pico_kinova/pico_kinova/install/pico_kinova/share/pico_kinova/environment/ament_prefix_path.sh
-- Up-to-date symlink: /home/rpp/Desktop/pico_kinova/pico_kinova/install/pico_kinova/share/pico_kinova/environment/ament_prefix_path.dsv
-- Up-to-date symlink: /home/rpp/Desktop/pico_kinova/pico_kinova/install/pico_kinova/share/pico_kinova/environment/path.sh
-- Up-to-date symlink: /home/rpp/Desktop/pico_kinova/pico_kinova/install/pico_kinova/share/pico_kinova/environment/path.dsv
-- Up-to-date symlink: /home/rpp/Desktop/pico_kinova/pico_kinova/install/pico_kinova/share/pico_kinova/local_setup.bash
-- Up-to-date symlink: /home/rpp/Desktop/pico_kinova/pico_kinova/install/pico_kinova/share/pico_kinova/local_setup.sh
-- Up-to-date symlink: /home/rpp/Desktop/pico_kinova/pico_kinova/install/pico_kinova/share/pico_kinova/local_setup.zsh
-- Up-to-date symlink: /home/rpp/Desktop/pico_kinova/pico_kinova/install/pico_kinova/share/pico_kinova/local_setup.dsv
-- Symlinking: /home/rpp/Desktop/pico_kinova/pico_kinova/install/pico_kinova/share/pico_kinova/package.dsv
-- Up-to-date symlink: /home/rpp/Desktop/pico_kinova/pico_kinova/install/pico_kinova/share/ament_index/resource_index/packages/pico_kinova
-- Up-to-date symlink: /home/rpp/Desktop/pico_kinova/pico_kinova/install/pico_kinova/share/pico_kinova/cmake/pico_kinovaConfig.cmake
-- Up-to-date symlink: /home/rpp/Desktop/pico_kinova/pico_kinova/install/pico_kinova/share/pico_kinova/cmake/pico_kinovaConfig-version.cmake
-- Up-to-date symlink: /home/rpp/Desktop/pico_kinova/pico_kinova/install/pico_kinova/share/pico_kinova/package.xml
-- Up-to-date: /home/rpp/Desktop/pico_kinova/pico_kinova/install/pico_kinova/lib/librtde.so.1.6.0
-- Up-to-date: /home/rpp/Desktop/pico_kinova/pico_kinova/install/pico_kinova/lib/librtde.so.1.6
-- Up-to-date: /home/rpp/Desktop/pico_kinova/pico_kinova/install/pico_kinova/lib/librtde.so
-- Up-to-date: /home/rpp/Desktop/pico_kinova/pico_kinova/install/pico_kinova/include/ur_rtde/rtde.h
-- Up-to-date: /home/rpp/Desktop/pico_kinova/pico_kinova/install/pico_kinova/include/ur_rtde/rtde_utility.h
-- Up-to-date: /home/rpp/Desktop/pico_kinova/pico_kinova/install/pico_kinova/include/ur_rtde/dashboard_enums.h
-- Up-to-date: /home/rpp/Desktop/pico_kinova/pico_kinova/install/pico_kinova/include/ur_rtde/dashboard_client.h
-- Up-to-date: /home/rpp/Desktop/pico_kinova/pico_kinova/install/pico_kinova/include/ur_rtde/robot_state.h
-- Up-to-date: /home/rpp/Desktop/pico_kinova/pico_kinova/install/pico_kinova/include/ur_rtde/script_client.h
-- Up-to-date: /home/rpp/Desktop/pico_kinova/pico_kinova/install/pico_kinova/include/ur_rtde/rtde_control_interface.h
-- Up-to-date: /home/rpp/Desktop/pico_kinova/pico_kinova/install/pico_kinova/include/ur_rtde/rtde_control_interface_doc.h
-- Up-to-date: /home/rpp/Desktop/pico_kinova/pico_kinova/install/pico_kinova/include/ur_rtde/rtde_receive_interface.h
-- Up-to-date: /home/rpp/Desktop/pico_kinova/pico_kinova/install/pico_kinova/include/ur_rtde/rtde_receive_interface_doc.h
-- Up-to-date: /home/rpp/Desktop/pico_kinova/pico_kinova/install/pico_kinova/include/ur_rtde/rtde_io_interface.h
-- Up-to-date: /home/rpp/Desktop/pico_kinova/pico_kinova/install/pico_kinova/include/ur_rtde/rtde_io_interface_doc.h
-- Up-to-date: /home/rpp/Desktop/pico_kinova/pico_kinova/install/pico_kinova/include/ur_rtde/robotiq_gripper.h
-- Up-to-date: /home/rpp/Desktop/pico_kinova/pico_kinova/install/pico_kinova/include/ur_rtde/rtde_export.h
-- Up-to-date: /home/rpp/Desktop/pico_kinova/pico_kinova/install/pico_kinova/include/urcl/log.h
-- Up-to-date: /home/rpp/Desktop/pico_kinova/pico_kinova/install/pico_kinova/include/urcl/default_log_handler.h
-- Up-to-date: /home/rpp/Desktop/pico_kinova/pico_kinova/install/pico_kinova/include/urcl/script_sender.h
-- Up-to-date: /home/rpp/Desktop/pico_kinova/pico_kinova/install/pico_kinova/include/urcl/tcp_server.h
-- Up-to-date: /home/rpp/Desktop/pico_kinova/pico_kinova/install/pico_kinova/include/urcl/tcp_socket.h
-- Up-to-date: /home/rpp/Desktop/pico_kinova/pico_kinova/install/pico_kinova/lib/cmake/ur_rtde/ur_rtdeTargets.cmake
-- Up-to-date: /home/rpp/Desktop/pico_kinova/pico_kinova/install/pico_kinova/lib/cmake/ur_rtde/ur_rtdeTargets-noconfig.cmake
-- Up-to-date: /home/rpp/Desktop/pico_kinova/pico_kinova/install/pico_kinova/lib/cmake/ur_rtde/ur_rtdeConfig.cmake
-- Up-to-date: /home/rpp/Desktop/pico_kinova/pico_kinova/install/pico_kinova/lib/cmake/ur_rtde/ur_rtdeConfigVersion.cmake
-- Up-to-date: /home/rpp/Desktop/pico_kinova/pico_kinova/install/pico_kinova/lib/cmake/ur_rtde/ur_rtdeBuildConfig.cmake
