[ 32%] Built target rtde
[ 48%] Built target record_data_example
[ 48%] Built target movej_path_with_blend_example
[ 48%] Built target forcemode_example
[ 51%] Built target servoj_example
[ 55%] Built target move_async_example
[ 60%] Built target move_path_async_example
[ 65%] Built target contact_detection_example
[ 69%] Built target robotiq_gripper_example
[ 74%] Built target speedj_example
[ 79%] Built target move_until_contact_example
[ 83%] Built target jog_example
[ 88%] Built target io_example
[ 93%] Built target realtime_control_example
[ 95%] [32mBuilding CXX object CMakeFiles/pico_kinova.dir/src/pico_kinova.cpp.o[0m
In file included from [01m[K/home/rpp/Desktop/pico_kinova/pico_kinova/src/pico_kinova.cpp:36[m[K:
[01m[K/home/rpp/Desktop/pico_kinova/pico_kinova/include/client/TransportClientTcp.h:34:2:[m[K [01;35m[Kwarning: [m[K#warning is a GCC extension
   34 | #[01;35m[Kwarning[m[K Unknown OS type!
      |  [01;35m[K^~~~~~~[m[K
[01m[K/home/rpp/Desktop/pico_kinova/pico_kinova/include/client/TransportClientTcp.h:34:2:[m[K [01;35m[Kwarning: [m[K#warning Unknown OS type! [[01;35m[K]8;;https://gcc.gnu.org/onlinedocs/gcc/Warning-Options.html#index-Wcpp-Wcpp]8;;[m[K]
In file included from [01m[K/home/rpp/Desktop/pico_kinova/pico_kinova/src/pico_kinova.cpp:42[m[K:
[01m[K/home/rpp/Desktop/pico_kinova/pico_kinova/matplotlib/matplotlibcpp.h:20:12:[m[K [01;31m[Kfatal error: [m[Knumpy/arrayobject.h: 没有那个文件或目录
   20 | #  include [01;31m[K<numpy/arrayobject.h>[m[K
      |            [01;31m[K^~~~~~~~~~~~~~~~~~~~~[m[K
compilation terminated.
gmake[2]: *** [CMakeFiles/pico_kinova.dir/build.make:76：CMakeFiles/pico_kinova.dir/src/pico_kinova.cpp.o] 错误 1
gmake[1]: *** [CMakeFiles/Makefile2:180：CMakeFiles/pico_kinova.dir/all] 错误 2
gmake: *** [Makefile:146：all] 错误 2
