[0.014s] Invoking command in '/home/rpp/Desktop/pico_kinova/pico_kinova/build/pico_kinova': CMAKE_PREFIX_PATH=${CMAKE_PREFIX_PATH}:/home/rpp/rpp_ws/install/setting_info:/home/rpp/rpp_ws/install/nav2_simple_commander:/home/rpp/rpp_ws/install/my_moveit_control:/home/rpp/rpp_ws/install/moveit_control:/home/rpp/rpp_ws/install/gui_control:/home/rpp/rpp_ws/install/graphic_display:/home/rpp/rpp_ws/install/linker_hand_ros2_sdk:/home/rpp/rpp_ws/install/dual_arm_cartesian_control:/home/rpp/rpp_ws/install/dual_arm_bt_control:/home/rpp/rpp_ws/install/bt_task_manager_ros2:/opt/ros/humble CONDA_PROMPT_MODIFIER=(kinova) /usr/bin/cmake --build /home/rpp/Desktop/pico_kinova/pico_kinova/build/pico_kinova -- -j24 -l24
[0.082s] [ 32%] Built target rtde
[0.111s] [ 48%] Built target record_data_example
[0.112s] [ 48%] Built target movej_path_with_blend_example
[0.112s] [ 48%] Built target forcemode_example
[0.112s] [ 51%] Built target servoj_example
[0.112s] [ 55%] Built target move_async_example
[0.112s] [ 60%] Built target move_path_async_example
[0.113s] [ 65%] Built target contact_detection_example
[0.116s] [ 69%] Built target robotiq_gripper_example
[0.116s] [ 74%] Built target speedj_example
[0.117s] [ 79%] Built target move_until_contact_example
[0.119s] [ 83%] Built target jog_example
[0.121s] [ 88%] Built target io_example
[0.122s] [ 93%] Built target realtime_control_example
[0.127s] [ 95%] [32mBuilding CXX object CMakeFiles/pico_kinova.dir/src/pico_kinova.cpp.o[0m
[1.086s] In file included from [01m[K/home/rpp/Desktop/pico_kinova/pico_kinova/src/pico_kinova.cpp:36[m[K:
[1.086s] [01m[K/home/rpp/Desktop/pico_kinova/pico_kinova/include/client/TransportClientTcp.h:34:2:[m[K [01;35m[Kwarning: [m[K#warning is a GCC extension
[1.086s]    34 | #[01;35m[Kwarning[m[K Unknown OS type!
[1.086s]       |  [01;35m[K^~~~~~~[m[K
[1.086s] [01m[K/home/rpp/Desktop/pico_kinova/pico_kinova/include/client/TransportClientTcp.h:34:2:[m[K [01;35m[Kwarning: [m[K#warning Unknown OS type! [[01;35m[K]8;;https://gcc.gnu.org/onlinedocs/gcc/Warning-Options.html#index-Wcpp-Wcpp]8;;[m[K]
[1.108s] In file included from [01m[K/home/rpp/Desktop/pico_kinova/pico_kinova/src/pico_kinova.cpp:42[m[K:
[1.108s] [01m[K/home/rpp/Desktop/pico_kinova/pico_kinova/matplotlib/matplotlibcpp.h:20:12:[m[K [01;31m[Kfatal error: [m[Knumpy/arrayobject.h: 没有那个文件或目录
[1.108s]    20 | #  include [01;31m[K<numpy/arrayobject.h>[m[K
[1.108s]       |            [01;31m[K^~~~~~~~~~~~~~~~~~~~~[m[K
[1.108s] compilation terminated.
[1.115s] gmake[2]: *** [CMakeFiles/pico_kinova.dir/build.make:76：CMakeFiles/pico_kinova.dir/src/pico_kinova.cpp.o] 错误 1
[1.116s] gmake[1]: *** [CMakeFiles/Makefile2:180：CMakeFiles/pico_kinova.dir/all] 错误 2
[1.116s] gmake: *** [Makefile:146：all] 错误 2
[1.118s] Invoked command in '/home/rpp/Desktop/pico_kinova/pico_kinova/build/pico_kinova' returned '2': CMAKE_PREFIX_PATH=${CMAKE_PREFIX_PATH}:/home/rpp/rpp_ws/install/setting_info:/home/rpp/rpp_ws/install/nav2_simple_commander:/home/rpp/rpp_ws/install/my_moveit_control:/home/rpp/rpp_ws/install/moveit_control:/home/rpp/rpp_ws/install/gui_control:/home/rpp/rpp_ws/install/graphic_display:/home/rpp/rpp_ws/install/linker_hand_ros2_sdk:/home/rpp/rpp_ws/install/dual_arm_cartesian_control:/home/rpp/rpp_ws/install/dual_arm_bt_control:/home/rpp/rpp_ws/install/bt_task_manager_ros2:/opt/ros/humble CONDA_PROMPT_MODIFIER=(kinova) /usr/bin/cmake --build /home/rpp/Desktop/pico_kinova/pico_kinova/build/pico_kinova -- -j24 -l24
