[0.091s] DEBUG:colcon:Command line arguments: ['/usr/bin/colcon', 'build']
[0.091s] DEBUG:colcon:Parsed command line arguments: Namespace(log_base=None, log_level=None, verb_name='build', build_base='build', install_base='install', merge_install=False, symlink_install=False, test_result_base=None, continue_on_error=False, executor='parallel', parallel_workers=24, event_handlers=None, ignore_user_meta=False, metas=['./colcon.meta'], base_paths=['.'], packages_ignore=None, packages_ignore_regex=None, paths=None, packages_up_to=None, packages_up_to_regex=None, packages_above=None, packages_above_and_dependencies=None, packages_above_depth=None, packages_select_by_dep=None, packages_skip_by_dep=None, packages_skip_up_to=None, packages_select_build_failed=False, packages_skip_build_finished=False, packages_select_test_failures=False, packages_skip_test_passed=False, packages_select=None, packages_skip=None, packages_select_regex=None, packages_skip_regex=None, packages_start=None, packages_end=None, allow_overriding=[], cmake_args=None, cmake_target=None, cmake_target_skip_unavailable=False, cmake_clean_cache=False, cmake_clean_first=False, cmake_force_configure=False, ament_cmake_args=None, catkin_cmake_args=None, catkin_skip_building_tests=False, mixin_files=None, mixin=None, verb_parser=<colcon_mixin.mixin.mixin_argument.MixinArgumentDecorator object at 0x7caaaf597d00>, verb_extension=<colcon_core.verb.build.BuildVerb object at 0x7caaaf6b9330>, main=<bound method BuildVerb.main of <colcon_core.verb.build.BuildVerb object at 0x7caaaf6b9330>>, mixin_verb=('build',))
[0.236s] Level 1:colcon.colcon_core.package_discovery:discover_packages(colcon_meta) check parameters
[0.236s] Level 1:colcon.colcon_core.package_discovery:discover_packages(recursive) check parameters
[0.236s] Level 1:colcon.colcon_core.package_discovery:discover_packages(ignore) check parameters
[0.236s] Level 1:colcon.colcon_core.package_discovery:discover_packages(path) check parameters
[0.236s] Level 1:colcon.colcon_core.package_discovery:discover_packages(colcon_meta) discover
[0.236s] Level 1:colcon.colcon_core.package_discovery:discover_packages(recursive) discover
[0.236s] INFO:colcon.colcon_core.package_discovery:Crawling recursively for packages in '/home/rpp/Desktop/pico_kinova/pico_kinova'
[0.236s] Level 1:colcon.colcon_core.package_identification:_identify(.) by extensions ['ignore', 'ignore_ament_install']
[0.236s] Level 1:colcon.colcon_core.package_identification:_identify(.) by extension 'ignore'
[0.237s] Level 1:colcon.colcon_core.package_identification:_identify(.) by extension 'ignore_ament_install'
[0.237s] Level 1:colcon.colcon_core.package_identification:_identify(.) by extensions ['colcon_pkg']
[0.237s] Level 1:colcon.colcon_core.package_identification:_identify(.) by extension 'colcon_pkg'
[0.237s] Level 1:colcon.colcon_core.package_identification:_identify(.) by extensions ['colcon_meta']
[0.237s] Level 1:colcon.colcon_core.package_identification:_identify(.) by extension 'colcon_meta'
[0.237s] Level 1:colcon.colcon_core.package_identification:_identify(.) by extensions ['ros']
[0.237s] Level 1:colcon.colcon_core.package_identification:_identify(.) by extension 'ros'
[0.256s] DEBUG:colcon.colcon_core.package_identification:Package '.' with type 'ros.ament_cmake' and name 'pico_kinova'
[0.256s] Level 1:colcon.colcon_core.package_discovery:discover_packages(recursive) using defaults
[0.256s] Level 1:colcon.colcon_core.package_discovery:discover_packages(ignore) discover
[0.256s] Level 1:colcon.colcon_core.package_discovery:discover_packages(ignore) using defaults
[0.256s] Level 1:colcon.colcon_core.package_discovery:discover_packages(path) discover
[0.256s] Level 1:colcon.colcon_core.package_discovery:discover_packages(path) using defaults
[0.272s] Level 1:colcon.colcon_core.package_discovery:discover_packages(prefix_path) check parameters
[0.272s] Level 1:colcon.colcon_core.package_discovery:discover_packages(prefix_path) discover
[0.276s] DEBUG:colcon.colcon_installed_package_information.package_discovery:Found 91 installed packages in /home/rpp/rpp_ws/install
[0.278s] DEBUG:colcon.colcon_installed_package_information.package_discovery:Found 454 installed packages in /opt/ros/humble
[0.279s] Level 1:colcon.colcon_core.package_discovery:discover_packages(prefix_path) using defaults
[0.317s] Level 5:colcon.colcon_core.verb:set package 'pico_kinova' build argument 'cmake_args' from command line to 'None'
[0.317s] Level 5:colcon.colcon_core.verb:set package 'pico_kinova' build argument 'cmake_target' from command line to 'None'
[0.317s] Level 5:colcon.colcon_core.verb:set package 'pico_kinova' build argument 'cmake_target_skip_unavailable' from command line to 'False'
[0.317s] Level 5:colcon.colcon_core.verb:set package 'pico_kinova' build argument 'cmake_clean_cache' from command line to 'False'
[0.317s] Level 5:colcon.colcon_core.verb:set package 'pico_kinova' build argument 'cmake_clean_first' from command line to 'False'
[0.317s] Level 5:colcon.colcon_core.verb:set package 'pico_kinova' build argument 'cmake_force_configure' from command line to 'False'
[0.317s] Level 5:colcon.colcon_core.verb:set package 'pico_kinova' build argument 'ament_cmake_args' from command line to 'None'
[0.317s] Level 5:colcon.colcon_core.verb:set package 'pico_kinova' build argument 'catkin_cmake_args' from command line to 'None'
[0.317s] Level 5:colcon.colcon_core.verb:set package 'pico_kinova' build argument 'catkin_skip_building_tests' from command line to 'False'
[0.317s] DEBUG:colcon.colcon_core.verb:Building package 'pico_kinova' with the following arguments: {'ament_cmake_args': None, 'build_base': '/home/rpp/Desktop/pico_kinova/pico_kinova/build/pico_kinova', 'catkin_cmake_args': None, 'catkin_skip_building_tests': False, 'cmake_args': None, 'cmake_clean_cache': False, 'cmake_clean_first': False, 'cmake_force_configure': False, 'cmake_target': None, 'cmake_target_skip_unavailable': False, 'install_base': '/home/rpp/Desktop/pico_kinova/pico_kinova/install/pico_kinova', 'merge_install': False, 'path': '/home/rpp/Desktop/pico_kinova/pico_kinova', 'symlink_install': False, 'test_result_base': None}
[0.318s] INFO:colcon.colcon_core.executor:Executing jobs using 'parallel' executor
[0.318s] DEBUG:colcon.colcon_parallel_executor.executor.parallel:run_until_complete
[0.318s] INFO:colcon.colcon_ros.task.ament_cmake.build:Building ROS package in '/home/rpp/Desktop/pico_kinova/pico_kinova' with build type 'ament_cmake'
[0.319s] INFO:colcon.colcon_cmake.task.cmake.build:Building CMake package in '/home/rpp/Desktop/pico_kinova/pico_kinova'
[0.320s] INFO:colcon.colcon_core.plugin_system:Skipping extension 'colcon_core.shell.bat': Not used on non-Windows systems
[0.320s] INFO:colcon.colcon_core.shell:Skip shell extension 'powershell' for command environment: Not usable outside of PowerShell
[0.320s] DEBUG:colcon.colcon_core.shell:Skip shell extension 'dsv' for command environment
[0.334s] DEBUG:colcon.colcon_core.event_handler.log_command:Invoking command in '/home/rpp/Desktop/pico_kinova/pico_kinova/build/pico_kinova': CMAKE_PREFIX_PATH=${CMAKE_PREFIX_PATH}:/home/rpp/rpp_ws/install/teleop_init_202510:/home/rpp/rpp_ws/install/setting_info:/home/rpp/rpp_ws/install/nav2_simple_commander:/home/rpp/rpp_ws/install/my_moveit_control:/home/rpp/rpp_ws/install/moveit_control:/home/rpp/rpp_ws/install/gui_control:/home/rpp/rpp_ws/install/graphic_display:/home/rpp/rpp_ws/install/linker_hand_ros2_sdk:/home/rpp/rpp_ws/install/dual_arm_cartesian_control:/home/rpp/rpp_ws/install/dual_arm_bt_control:/home/rpp/rpp_ws/install/bt_task_manager_ros2:/opt/ros/humble CONDA_PROMPT_MODIFIER=(base) /usr/bin/cmake --build /home/rpp/Desktop/pico_kinova/pico_kinova/build/pico_kinova -- -j24 -l24
[13.334s] DEBUG:colcon.colcon_core.event_handler.log_command:Invoked command in '/home/rpp/Desktop/pico_kinova/pico_kinova/build/pico_kinova' returned '2': CMAKE_PREFIX_PATH=${CMAKE_PREFIX_PATH}:/home/rpp/rpp_ws/install/teleop_init_202510:/home/rpp/rpp_ws/install/setting_info:/home/rpp/rpp_ws/install/nav2_simple_commander:/home/rpp/rpp_ws/install/my_moveit_control:/home/rpp/rpp_ws/install/moveit_control:/home/rpp/rpp_ws/install/gui_control:/home/rpp/rpp_ws/install/graphic_display:/home/rpp/rpp_ws/install/linker_hand_ros2_sdk:/home/rpp/rpp_ws/install/dual_arm_cartesian_control:/home/rpp/rpp_ws/install/dual_arm_bt_control:/home/rpp/rpp_ws/install/bt_task_manager_ros2:/opt/ros/humble CONDA_PROMPT_MODIFIER=(base) /usr/bin/cmake --build /home/rpp/Desktop/pico_kinova/pico_kinova/build/pico_kinova -- -j24 -l24
[13.335s] Level 1:colcon.colcon_core.environment:create_environment_scripts_only(pico_kinova)
[13.338s] Level 1:colcon.colcon_core.environment:checking '/home/rpp/Desktop/pico_kinova/pico_kinova/install/pico_kinova' for CMake module files
[13.338s] Level 1:colcon.colcon_core.environment:checking '/home/rpp/Desktop/pico_kinova/pico_kinova/install/pico_kinova' for CMake config files
[13.339s] Level 1:colcon.colcon_core.shell:create_environment_hook('pico_kinova', 'cmake_prefix_path')
[13.339s] INFO:colcon.colcon_core.shell:Creating environment hook '/home/rpp/Desktop/pico_kinova/pico_kinova/install/pico_kinova/share/pico_kinova/hook/cmake_prefix_path.ps1'
[13.339s] INFO:colcon.colcon_core.shell:Creating environment descriptor '/home/rpp/Desktop/pico_kinova/pico_kinova/install/pico_kinova/share/pico_kinova/hook/cmake_prefix_path.dsv'
[13.340s] INFO:colcon.colcon_core.shell:Creating environment hook '/home/rpp/Desktop/pico_kinova/pico_kinova/install/pico_kinova/share/pico_kinova/hook/cmake_prefix_path.sh'
[13.340s] Level 1:colcon.colcon_core.environment:checking '/home/rpp/Desktop/pico_kinova/pico_kinova/install/pico_kinova/lib'
[13.340s] Level 1:colcon.colcon_core.shell:create_environment_hook('pico_kinova', 'ld_library_path_lib')
[13.341s] INFO:colcon.colcon_core.shell:Creating environment hook '/home/rpp/Desktop/pico_kinova/pico_kinova/install/pico_kinova/share/pico_kinova/hook/ld_library_path_lib.ps1'
[13.341s] INFO:colcon.colcon_core.shell:Creating environment descriptor '/home/rpp/Desktop/pico_kinova/pico_kinova/install/pico_kinova/share/pico_kinova/hook/ld_library_path_lib.dsv'
[13.341s] INFO:colcon.colcon_core.shell:Creating environment hook '/home/rpp/Desktop/pico_kinova/pico_kinova/install/pico_kinova/share/pico_kinova/hook/ld_library_path_lib.sh'
[13.341s] Level 1:colcon.colcon_core.environment:checking '/home/rpp/Desktop/pico_kinova/pico_kinova/install/pico_kinova/bin'
[13.341s] Level 1:colcon.colcon_core.environment:checking '/home/rpp/Desktop/pico_kinova/pico_kinova/install/pico_kinova/lib/pkgconfig/pico_kinova.pc'
[13.341s] Level 1:colcon.colcon_core.environment:checking '/home/rpp/Desktop/pico_kinova/pico_kinova/install/pico_kinova/lib/python3.10/site-packages'
[13.342s] Level 1:colcon.colcon_core.environment:checking '/home/rpp/Desktop/pico_kinova/pico_kinova/install/pico_kinova/bin'
[13.342s] INFO:colcon.colcon_core.shell:Creating package script '/home/rpp/Desktop/pico_kinova/pico_kinova/install/pico_kinova/share/pico_kinova/package.ps1'
[13.342s] INFO:colcon.colcon_core.shell:Creating package descriptor '/home/rpp/Desktop/pico_kinova/pico_kinova/install/pico_kinova/share/pico_kinova/package.dsv'
[13.343s] INFO:colcon.colcon_core.shell:Creating package script '/home/rpp/Desktop/pico_kinova/pico_kinova/install/pico_kinova/share/pico_kinova/package.sh'
[13.343s] INFO:colcon.colcon_core.shell:Creating package script '/home/rpp/Desktop/pico_kinova/pico_kinova/install/pico_kinova/share/pico_kinova/package.bash'
[13.344s] INFO:colcon.colcon_core.shell:Creating package script '/home/rpp/Desktop/pico_kinova/pico_kinova/install/pico_kinova/share/pico_kinova/package.zsh'
[13.344s] Level 1:colcon.colcon_core.environment:create_file_with_runtime_dependencies(/home/rpp/Desktop/pico_kinova/pico_kinova/install/pico_kinova/share/colcon-core/packages/pico_kinova)
[13.355s] DEBUG:colcon.colcon_parallel_executor.executor.parallel:closing loop
[13.355s] DEBUG:colcon.colcon_parallel_executor.executor.parallel:loop closed
[13.355s] DEBUG:colcon.colcon_parallel_executor.executor.parallel:run_until_complete finished with '2'
[13.355s] DEBUG:colcon.colcon_core.event_reactor:joining thread
[13.360s] INFO:colcon.colcon_core.plugin_system:Skipping extension 'colcon_notification.desktop_notification.terminal_notifier': Not used on non-Darwin systems
[13.360s] INFO:colcon.colcon_core.plugin_system:Skipping extension 'colcon_notification.desktop_notification.win32': Not used on non-Windows systems
[13.360s] INFO:colcon.colcon_notification.desktop_notification:Sending desktop notification using 'notify2'
[13.369s] DEBUG:colcon.colcon_core.event_reactor:joined thread
[13.369s] INFO:colcon.colcon_core.shell:Creating prefix script '/home/rpp/Desktop/pico_kinova/pico_kinova/install/local_setup.ps1'
[13.370s] INFO:colcon.colcon_core.shell:Creating prefix util module '/home/rpp/Desktop/pico_kinova/pico_kinova/install/_local_setup_util_ps1.py'
[13.370s] INFO:colcon.colcon_core.shell:Creating prefix chain script '/home/rpp/Desktop/pico_kinova/pico_kinova/install/setup.ps1'
[13.372s] INFO:colcon.colcon_core.shell:Creating prefix script '/home/rpp/Desktop/pico_kinova/pico_kinova/install/local_setup.sh'
[13.373s] INFO:colcon.colcon_core.shell:Creating prefix util module '/home/rpp/Desktop/pico_kinova/pico_kinova/install/_local_setup_util_sh.py'
[13.373s] INFO:colcon.colcon_core.shell:Creating prefix chain script '/home/rpp/Desktop/pico_kinova/pico_kinova/install/setup.sh'
[13.375s] INFO:colcon.colcon_core.shell:Creating prefix script '/home/rpp/Desktop/pico_kinova/pico_kinova/install/local_setup.bash'
[13.376s] INFO:colcon.colcon_core.shell:Creating prefix chain script '/home/rpp/Desktop/pico_kinova/pico_kinova/install/setup.bash'
[13.377s] INFO:colcon.colcon_core.shell:Creating prefix script '/home/rpp/Desktop/pico_kinova/pico_kinova/install/local_setup.zsh'
[13.378s] INFO:colcon.colcon_core.shell:Creating prefix chain script '/home/rpp/Desktop/pico_kinova/pico_kinova/install/setup.zsh'
