[0.015s] Invoking command in '/home/rpp/Desktop/pico_kinova/pico_kinova/build/pico_kinova': CMAKE_PREFIX_PATH=${CMAKE_PREFIX_PATH}:/home/rpp/rpp_ws/install/teleop_init_202510:/home/rpp/rpp_ws/install/setting_info:/home/rpp/rpp_ws/install/nav2_simple_commander:/home/rpp/rpp_ws/install/my_moveit_control:/home/rpp/rpp_ws/install/moveit_control:/home/rpp/rpp_ws/install/gui_control:/home/rpp/rpp_ws/install/graphic_display:/home/rpp/rpp_ws/install/linker_hand_ros2_sdk:/home/rpp/rpp_ws/install/dual_arm_cartesian_control:/home/rpp/rpp_ws/install/dual_arm_bt_control:/home/rpp/rpp_ws/install/bt_task_manager_ros2:/opt/ros/humble CONDA_PROMPT_MODIFIER=(base) /usr/bin/cmake --build /home/rpp/Desktop/pico_kinova/pico_kinova/build/pico_kinova -- -j24 -l24
[1.116s] [ 32%] Built target rtde
[1.144s] [ 37%] Built target movej_path_with_blend_example
[1.145s] [ 46%] Built target realtime_control_example
[1.145s] [ 46%] Built target jog_example
[1.146s] [ 51%] Built target contact_detection_example
[1.146s] [ 55%] Built target speedj_example
[1.147s] [ 60%] Built target servoj_example
[1.147s] [ 65%] Built target forcemode_example
[1.148s] [ 69%] Built target move_until_contact_example
[1.149s] [ 74%] Built target robotiq_gripper_example
[1.150s] [ 79%] Built target move_async_example
[1.152s] [ 83%] Built target record_data_example
[1.153s] [ 88%] Built target move_path_async_example
[1.154s] [ 93%] Built target io_example
[3.234s] [100%] Built target pico_kinova
[3.244s] Invoked command in '/home/rpp/Desktop/pico_kinova/pico_kinova/build/pico_kinova' returned '0': CMAKE_PREFIX_PATH=${CMAKE_PREFIX_PATH}:/home/rpp/rpp_ws/install/teleop_init_202510:/home/rpp/rpp_ws/install/setting_info:/home/rpp/rpp_ws/install/nav2_simple_commander:/home/rpp/rpp_ws/install/my_moveit_control:/home/rpp/rpp_ws/install/moveit_control:/home/rpp/rpp_ws/install/gui_control:/home/rpp/rpp_ws/install/graphic_display:/home/rpp/rpp_ws/install/linker_hand_ros2_sdk:/home/rpp/rpp_ws/install/dual_arm_cartesian_control:/home/rpp/rpp_ws/install/dual_arm_bt_control:/home/rpp/rpp_ws/install/bt_task_manager_ros2:/opt/ros/humble CONDA_PROMPT_MODIFIER=(base) /usr/bin/cmake --build /home/rpp/Desktop/pico_kinova/pico_kinova/build/pico_kinova -- -j24 -l24
[3.252s] Invoking command in '/home/rpp/Desktop/pico_kinova/pico_kinova/build/pico_kinova': CMAKE_PREFIX_PATH=${CMAKE_PREFIX_PATH}:/home/rpp/rpp_ws/install/teleop_init_202510:/home/rpp/rpp_ws/install/setting_info:/home/rpp/rpp_ws/install/nav2_simple_commander:/home/rpp/rpp_ws/install/my_moveit_control:/home/rpp/rpp_ws/install/moveit_control:/home/rpp/rpp_ws/install/gui_control:/home/rpp/rpp_ws/install/graphic_display:/home/rpp/rpp_ws/install/linker_hand_ros2_sdk:/home/rpp/rpp_ws/install/dual_arm_cartesian_control:/home/rpp/rpp_ws/install/dual_arm_bt_control:/home/rpp/rpp_ws/install/bt_task_manager_ros2:/opt/ros/humble CONDA_PROMPT_MODIFIER=(base) /usr/bin/cmake --install /home/rpp/Desktop/pico_kinova/pico_kinova/build/pico_kinova
[3.259s] -- Install configuration: ""
[3.260s] -- Execute custom install script
[3.260s] -- Up-to-date symlink: /home/rpp/Desktop/pico_kinova/pico_kinova/install/pico_kinova/lib/pico_kinova/pico_kinova
[3.260s] -- Up-to-date symlink: /home/rpp/Desktop/pico_kinova/pico_kinova/install/pico_kinova/share/ament_index/resource_index/package_run_dependencies/pico_kinova
[3.260s] -- Up-to-date symlink: /home/rpp/Desktop/pico_kinova/pico_kinova/install/pico_kinova/share/ament_index/resource_index/parent_prefix_path/pico_kinova
[3.260s] -- Up-to-date symlink: /home/rpp/Desktop/pico_kinova/pico_kinova/install/pico_kinova/share/pico_kinova/environment/ament_prefix_path.sh
[3.260s] -- Up-to-date symlink: /home/rpp/Desktop/pico_kinova/pico_kinova/install/pico_kinova/share/pico_kinova/environment/ament_prefix_path.dsv
[3.260s] -- Up-to-date symlink: /home/rpp/Desktop/pico_kinova/pico_kinova/install/pico_kinova/share/pico_kinova/environment/path.sh
[3.260s] -- Up-to-date symlink: /home/rpp/Desktop/pico_kinova/pico_kinova/install/pico_kinova/share/pico_kinova/environment/path.dsv
[3.260s] -- Up-to-date symlink: /home/rpp/Desktop/pico_kinova/pico_kinova/install/pico_kinova/share/pico_kinova/local_setup.bash
[3.260s] -- Up-to-date symlink: /home/rpp/Desktop/pico_kinova/pico_kinova/install/pico_kinova/share/pico_kinova/local_setup.sh
[3.260s] -- Up-to-date symlink: /home/rpp/Desktop/pico_kinova/pico_kinova/install/pico_kinova/share/pico_kinova/local_setup.zsh
[3.261s] -- Up-to-date symlink: /home/rpp/Desktop/pico_kinova/pico_kinova/install/pico_kinova/share/pico_kinova/local_setup.dsv
[3.261s] -- Symlinking: /home/rpp/Desktop/pico_kinova/pico_kinova/install/pico_kinova/share/pico_kinova/package.dsv
[3.268s] -- Up-to-date symlink: /home/rpp/Desktop/pico_kinova/pico_kinova/install/pico_kinova/share/ament_index/resource_index/packages/pico_kinova
[3.268s] -- Up-to-date symlink: /home/rpp/Desktop/pico_kinova/pico_kinova/install/pico_kinova/share/pico_kinova/cmake/pico_kinovaConfig.cmake
[3.268s] -- Up-to-date symlink: /home/rpp/Desktop/pico_kinova/pico_kinova/install/pico_kinova/share/pico_kinova/cmake/pico_kinovaConfig-version.cmake
[3.268s] -- Up-to-date symlink: /home/rpp/Desktop/pico_kinova/pico_kinova/install/pico_kinova/share/pico_kinova/package.xml
[3.268s] -- Up-to-date: /home/rpp/Desktop/pico_kinova/pico_kinova/install/pico_kinova/lib/librtde.so.1.6.0
[3.268s] -- Up-to-date: /home/rpp/Desktop/pico_kinova/pico_kinova/install/pico_kinova/lib/librtde.so.1.6
[3.268s] -- Up-to-date: /home/rpp/Desktop/pico_kinova/pico_kinova/install/pico_kinova/lib/librtde.so
[3.268s] -- Up-to-date: /home/rpp/Desktop/pico_kinova/pico_kinova/install/pico_kinova/include/ur_rtde/rtde.h
[3.268s] -- Up-to-date: /home/rpp/Desktop/pico_kinova/pico_kinova/install/pico_kinova/include/ur_rtde/rtde_utility.h
[3.268s] -- Up-to-date: /home/rpp/Desktop/pico_kinova/pico_kinova/install/pico_kinova/include/ur_rtde/dashboard_enums.h
[3.269s] -- Up-to-date: /home/rpp/Desktop/pico_kinova/pico_kinova/install/pico_kinova/include/ur_rtde/dashboard_client.h
[3.269s] -- Up-to-date: /home/rpp/Desktop/pico_kinova/pico_kinova/install/pico_kinova/include/ur_rtde/robot_state.h
[3.269s] -- Up-to-date: /home/rpp/Desktop/pico_kinova/pico_kinova/install/pico_kinova/include/ur_rtde/script_client.h
[3.269s] -- Up-to-date: /home/rpp/Desktop/pico_kinova/pico_kinova/install/pico_kinova/include/ur_rtde/rtde_control_interface.h
[3.269s] -- Up-to-date: /home/rpp/Desktop/pico_kinova/pico_kinova/install/pico_kinova/include/ur_rtde/rtde_control_interface_doc.h
[3.269s] -- Up-to-date: /home/rpp/Desktop/pico_kinova/pico_kinova/install/pico_kinova/include/ur_rtde/rtde_receive_interface.h
[3.269s] -- Up-to-date: /home/rpp/Desktop/pico_kinova/pico_kinova/install/pico_kinova/include/ur_rtde/rtde_receive_interface_doc.h
[3.269s] -- Up-to-date: /home/rpp/Desktop/pico_kinova/pico_kinova/install/pico_kinova/include/ur_rtde/rtde_io_interface.h
[3.269s] -- Up-to-date: /home/rpp/Desktop/pico_kinova/pico_kinova/install/pico_kinova/include/ur_rtde/rtde_io_interface_doc.h
[3.269s] -- Up-to-date: /home/rpp/Desktop/pico_kinova/pico_kinova/install/pico_kinova/include/ur_rtde/robotiq_gripper.h
[3.269s] -- Up-to-date: /home/rpp/Desktop/pico_kinova/pico_kinova/install/pico_kinova/include/ur_rtde/rtde_export.h
[3.269s] -- Up-to-date: /home/rpp/Desktop/pico_kinova/pico_kinova/install/pico_kinova/include/urcl/log.h
[3.269s] -- Up-to-date: /home/rpp/Desktop/pico_kinova/pico_kinova/install/pico_kinova/include/urcl/default_log_handler.h
[3.269s] -- Up-to-date: /home/rpp/Desktop/pico_kinova/pico_kinova/install/pico_kinova/include/urcl/script_sender.h
[3.269s] -- Up-to-date: /home/rpp/Desktop/pico_kinova/pico_kinova/install/pico_kinova/include/urcl/tcp_server.h
[3.269s] -- Up-to-date: /home/rpp/Desktop/pico_kinova/pico_kinova/install/pico_kinova/include/urcl/tcp_socket.h
[3.269s] -- Up-to-date: /home/rpp/Desktop/pico_kinova/pico_kinova/install/pico_kinova/lib/cmake/ur_rtde/ur_rtdeTargets.cmake
[3.269s] -- Up-to-date: /home/rpp/Desktop/pico_kinova/pico_kinova/install/pico_kinova/lib/cmake/ur_rtde/ur_rtdeTargets-noconfig.cmake
[3.269s] -- Up-to-date: /home/rpp/Desktop/pico_kinova/pico_kinova/install/pico_kinova/lib/cmake/ur_rtde/ur_rtdeConfig.cmake
[3.269s] -- Up-to-date: /home/rpp/Desktop/pico_kinova/pico_kinova/install/pico_kinova/lib/cmake/ur_rtde/ur_rtdeConfigVersion.cmake
[3.269s] -- Up-to-date: /home/rpp/Desktop/pico_kinova/pico_kinova/install/pico_kinova/lib/cmake/ur_rtde/ur_rtdeBuildConfig.cmake
[3.271s] Invoked command in '/home/rpp/Desktop/pico_kinova/pico_kinova/build/pico_kinova' returned '0': CMAKE_PREFIX_PATH=${CMAKE_PREFIX_PATH}:/home/rpp/rpp_ws/install/teleop_init_202510:/home/rpp/rpp_ws/install/setting_info:/home/rpp/rpp_ws/install/nav2_simple_commander:/home/rpp/rpp_ws/install/my_moveit_control:/home/rpp/rpp_ws/install/moveit_control:/home/rpp/rpp_ws/install/gui_control:/home/rpp/rpp_ws/install/graphic_display:/home/rpp/rpp_ws/install/linker_hand_ros2_sdk:/home/rpp/rpp_ws/install/dual_arm_cartesian_control:/home/rpp/rpp_ws/install/dual_arm_bt_control:/home/rpp/rpp_ws/install/bt_task_manager_ros2:/opt/ros/humble CONDA_PROMPT_MODIFIER=(base) /usr/bin/cmake --install /home/rpp/Desktop/pico_kinova/pico_kinova/build/pico_kinova
