[  9%] [32mBuilding CXX object ur_rtde/CMakeFiles/rtde.dir/src/dashboard_enums.cpp.o[0m
[  9%] [32mBuilding CXX object ur_rtde/CMakeFiles/rtde.dir/src/rtde_control_interface.cpp.o[0m
[  9%] [32mBuilding CXX object ur_rtde/CMakeFiles/rtde.dir/src/dashboard_client.cpp.o[0m
[  9%] [32mBuilding CXX object ur_rtde/CMakeFiles/rtde.dir/src/robot_state.cpp.o[0m
[ 11%] [32mBuilding CXX object ur_rtde/CMakeFiles/rtde.dir/src/rtde_receive_interface.cpp.o[0m
[ 13%] [32mBuilding CXX object ur_rtde/CMakeFiles/rtde.dir/src/rtde_io_interface.cpp.o[0m
[ 16%] [32mBuilding CXX object ur_rtde/CMakeFiles/rtde.dir/src/urcl/tcp_server.cpp.o[0m
[ 18%] [32mBuilding CXX object ur_rtde/CMakeFiles/rtde.dir/src/rtde.cpp.o[0m
[ 20%] [32mBuilding CXX object ur_rtde/CMakeFiles/rtde.dir/src/robotiq_gripper.cpp.o[0m
[ 23%] [32mBuilding CXX object ur_rtde/CMakeFiles/rtde.dir/src/urcl/script_sender.cpp.o[0m
[ 25%] [32m[1mLinking CXX shared library librtde.so[0m
[ 32%] Built target rtde
[ 34%] [32mBuilding CXX object ur_rtde/CMakeFiles/forcemode_example.dir/examples/cpp/forcemode_example.cpp.o[0m
[ 37%] [32mBuilding CXX object ur_rtde/CMakeFiles/record_data_example.dir/examples/cpp/record_data_example.cpp.o[0m
[ 39%] [32mBuilding CXX object ur_rtde/CMakeFiles/move_async_example.dir/examples/cpp/move_async_example.cpp.o[0m
[ 41%] [32mBuilding CXX object ur_rtde/CMakeFiles/movej_path_with_blend_example.dir/examples/cpp/movej_path_with_blend_example.cpp.o[0m
[ 44%] [32mBuilding CXX object ur_rtde/CMakeFiles/robotiq_gripper_example.dir/examples/cpp/robotiq_gripper_example.cpp.o[0m
[ 46%] [32mBuilding CXX object ur_rtde/CMakeFiles/move_until_contact_example.dir/examples/cpp/move_until_contact.cpp.o[0m
[ 48%] [32mBuilding CXX object ur_rtde/CMakeFiles/servoj_example.dir/examples/cpp/servoj_example.cpp.o[0m
[ 51%] [32mBuilding CXX object ur_rtde/CMakeFiles/io_example.dir/examples/cpp/io_example.cpp.o[0m
[ 53%] [32mBuilding CXX object ur_rtde/CMakeFiles/speedj_example.dir/examples/cpp/speedj_example.cpp.o[0m
[ 55%] [32mBuilding CXX object ur_rtde/CMakeFiles/move_path_async_example.dir/examples/cpp/move_path_async_example.cpp.o[0m
[ 58%] [32mBuilding CXX object ur_rtde/CMakeFiles/realtime_control_example.dir/examples/cpp/realtime_control_example.cpp.o[0m
[ 60%] [32mBuilding CXX object ur_rtde/CMakeFiles/contact_detection_example.dir/examples/cpp/contact_detection_example.cpp.o[0m
[ 62%] [32mBuilding CXX object ur_rtde/CMakeFiles/jog_example.dir/examples/cpp/jog_example.cpp.o[0m
[ 65%] [32mBuilding CXX object CMakeFiles/pico_kinova.dir/src/pico_kinova.cpp.o[0m
[ 67%] [32mBuilding CXX object CMakeFiles/pico_kinova.dir/utilities.cpp.o[0m
[ 69%] [32m[1mLinking CXX executable ../../../ur_rtde/bin/speedj_example[0m
[ 72%] [32m[1mLinking CXX executable ../../../ur_rtde/bin/servoj_example[0m
[ 74%] [32m[1mLinking CXX executable ../../../ur_rtde/bin/move_until_contact_example[0m
[ 74%] Built target speedj_example
[ 76%] [32m[1mLinking CXX executable ../../../ur_rtde/bin/jog_example[0m
[ 76%] Built target servoj_example
[ 76%] Built target move_until_contact_example
[ 79%] [32m[1mLinking CXX executable ../../../ur_rtde/bin/robotiq_gripper_example[0m
[ 79%] Built target jog_example
[ 81%] [32m[1mLinking CXX executable ../../../ur_rtde/bin/move_async_example[0m
[ 81%] Built target robotiq_gripper_example
[ 83%] [32m[1mLinking CXX executable ../../../ur_rtde/bin/io_example[0m
[ 83%] Built target move_async_example
[ 86%] [32m[1mLinking CXX executable ../../../ur_rtde/bin/forcemode_example[0m
[ 86%] Built target io_example
[ 86%] Built target forcemode_example
[ 88%] [32m[1mLinking CXX executable ../../../ur_rtde/bin/movej_path_with_blend_example[0m
[ 90%] [32m[1mLinking CXX executable ../../../ur_rtde/bin/move_path_async_example[0m
[ 93%] [32m[1mLinking CXX executable ../../../ur_rtde/bin/record_data_example[0m
[ 93%] Built target move_path_async_example
[ 95%] [32m[1mLinking CXX executable ../../../ur_rtde/bin/contact_detection_example[0m
[ 95%] Built target movej_path_with_blend_example
[ 97%] [32m[1mLinking CXX executable ../../../ur_rtde/bin/realtime_control_example[0m
[ 97%] Built target record_data_example
[ 97%] Built target contact_detection_example
[ 97%] Built target realtime_control_example
[100%] [32m[1mLinking CXX executable pico_kinova[0m
[100%] Built target pico_kinova
-- Install configuration: ""
-- Execute custom install script
-- Up-to-date symlink: /home/rpp/Desktop/pico_kinova/pico_kinova/install/pico_kinova/lib/pico_kinova/pico_kinova
-- Up-to-date symlink: /home/rpp/Desktop/pico_kinova/pico_kinova/install/pico_kinova/share/ament_index/resource_index/package_run_dependencies/pico_kinova
-- Up-to-date symlink: /home/rpp/Desktop/pico_kinova/pico_kinova/install/pico_kinova/share/ament_index/resource_index/parent_prefix_path/pico_kinova
-- Up-to-date symlink: /home/rpp/Desktop/pico_kinova/pico_kinova/install/pico_kinova/share/pico_kinova/environment/ament_prefix_path.sh
-- Up-to-date symlink: /home/rpp/Desktop/pico_kinova/pico_kinova/install/pico_kinova/share/pico_kinova/environment/ament_prefix_path.dsv
-- Up-to-date symlink: /home/rpp/Desktop/pico_kinova/pico_kinova/install/pico_kinova/share/pico_kinova/environment/path.sh
-- Up-to-date symlink: /home/rpp/Desktop/pico_kinova/pico_kinova/install/pico_kinova/share/pico_kinova/environment/path.dsv
-- Up-to-date symlink: /home/rpp/Desktop/pico_kinova/pico_kinova/install/pico_kinova/share/pico_kinova/local_setup.bash
-- Up-to-date symlink: /home/rpp/Desktop/pico_kinova/pico_kinova/install/pico_kinova/share/pico_kinova/local_setup.sh
-- Up-to-date symlink: /home/rpp/Desktop/pico_kinova/pico_kinova/install/pico_kinova/share/pico_kinova/local_setup.zsh
-- Up-to-date symlink: /home/rpp/Desktop/pico_kinova/pico_kinova/install/pico_kinova/share/pico_kinova/local_setup.dsv
-- Symlinking: /home/rpp/Desktop/pico_kinova/pico_kinova/install/pico_kinova/share/pico_kinova/package.dsv
-- Up-to-date symlink: /home/rpp/Desktop/pico_kinova/pico_kinova/install/pico_kinova/share/ament_index/resource_index/packages/pico_kinova
-- Up-to-date symlink: /home/rpp/Desktop/pico_kinova/pico_kinova/install/pico_kinova/share/pico_kinova/cmake/pico_kinovaConfig.cmake
-- Up-to-date symlink: /home/rpp/Desktop/pico_kinova/pico_kinova/install/pico_kinova/share/pico_kinova/cmake/pico_kinovaConfig-version.cmake
-- Up-to-date symlink: /home/rpp/Desktop/pico_kinova/pico_kinova/install/pico_kinova/share/pico_kinova/package.xml
-- Installing: /home/rpp/Desktop/pico_kinova/pico_kinova/install/pico_kinova/lib/librtde.so.1.6.0
-- Up-to-date: /home/rpp/Desktop/pico_kinova/pico_kinova/install/pico_kinova/lib/librtde.so.1.6
-- Up-to-date: /home/rpp/Desktop/pico_kinova/pico_kinova/install/pico_kinova/lib/librtde.so
-- Up-to-date: /home/rpp/Desktop/pico_kinova/pico_kinova/install/pico_kinova/include/ur_rtde/rtde.h
-- Up-to-date: /home/rpp/Desktop/pico_kinova/pico_kinova/install/pico_kinova/include/ur_rtde/rtde_utility.h
-- Up-to-date: /home/rpp/Desktop/pico_kinova/pico_kinova/install/pico_kinova/include/ur_rtde/dashboard_enums.h
-- Up-to-date: /home/rpp/Desktop/pico_kinova/pico_kinova/install/pico_kinova/include/ur_rtde/dashboard_client.h
-- Up-to-date: /home/rpp/Desktop/pico_kinova/pico_kinova/install/pico_kinova/include/ur_rtde/robot_state.h
-- Up-to-date: /home/rpp/Desktop/pico_kinova/pico_kinova/install/pico_kinova/include/ur_rtde/script_client.h
-- Up-to-date: /home/rpp/Desktop/pico_kinova/pico_kinova/install/pico_kinova/include/ur_rtde/rtde_control_interface.h
-- Up-to-date: /home/rpp/Desktop/pico_kinova/pico_kinova/install/pico_kinova/include/ur_rtde/rtde_control_interface_doc.h
-- Up-to-date: /home/rpp/Desktop/pico_kinova/pico_kinova/install/pico_kinova/include/ur_rtde/rtde_receive_interface.h
-- Up-to-date: /home/rpp/Desktop/pico_kinova/pico_kinova/install/pico_kinova/include/ur_rtde/rtde_receive_interface_doc.h
-- Up-to-date: /home/rpp/Desktop/pico_kinova/pico_kinova/install/pico_kinova/include/ur_rtde/rtde_io_interface.h
-- Up-to-date: /home/rpp/Desktop/pico_kinova/pico_kinova/install/pico_kinova/include/ur_rtde/rtde_io_interface_doc.h
-- Up-to-date: /home/rpp/Desktop/pico_kinova/pico_kinova/install/pico_kinova/include/ur_rtde/robotiq_gripper.h
-- Up-to-date: /home/rpp/Desktop/pico_kinova/pico_kinova/install/pico_kinova/include/ur_rtde/rtde_export.h
-- Up-to-date: /home/rpp/Desktop/pico_kinova/pico_kinova/install/pico_kinova/include/urcl/log.h
-- Up-to-date: /home/rpp/Desktop/pico_kinova/pico_kinova/install/pico_kinova/include/urcl/default_log_handler.h
-- Up-to-date: /home/rpp/Desktop/pico_kinova/pico_kinova/install/pico_kinova/include/urcl/script_sender.h
-- Up-to-date: /home/rpp/Desktop/pico_kinova/pico_kinova/install/pico_kinova/include/urcl/tcp_server.h
-- Up-to-date: /home/rpp/Desktop/pico_kinova/pico_kinova/install/pico_kinova/include/urcl/tcp_socket.h
-- Up-to-date: /home/rpp/Desktop/pico_kinova/pico_kinova/install/pico_kinova/lib/cmake/ur_rtde/ur_rtdeTargets.cmake
-- Up-to-date: /home/rpp/Desktop/pico_kinova/pico_kinova/install/pico_kinova/lib/cmake/ur_rtde/ur_rtdeTargets-noconfig.cmake
-- Up-to-date: /home/rpp/Desktop/pico_kinova/pico_kinova/install/pico_kinova/lib/cmake/ur_rtde/ur_rtdeConfig.cmake
-- Up-to-date: /home/rpp/Desktop/pico_kinova/pico_kinova/install/pico_kinova/lib/cmake/ur_rtde/ur_rtdeConfigVersion.cmake
-- Up-to-date: /home/rpp/Desktop/pico_kinova/pico_kinova/install/pico_kinova/lib/cmake/ur_rtde/ur_rtdeBuildConfig.cmake
