[0.090s] DEBUG:colcon:Command line arguments: ['/usr/bin/colcon', 'build', '--packages-select', 'pico_kinova']
[0.090s] DEBUG:colcon:Parsed command line arguments: Namespace(log_base=None, log_level=None, verb_name='build', build_base='build', install_base='install', merge_install=False, symlink_install=False, test_result_base=None, continue_on_error=False, executor='parallel', parallel_workers=24, event_handlers=None, ignore_user_meta=False, metas=['./colcon.meta'], base_paths=['.'], packages_ignore=None, packages_ignore_regex=None, paths=None, packages_up_to=None, packages_up_to_regex=None, packages_above=None, packages_above_and_dependencies=None, packages_above_depth=None, packages_select_by_dep=None, packages_skip_by_dep=None, packages_skip_up_to=None, packages_select_build_failed=False, packages_skip_build_finished=False, packages_select_test_failures=False, packages_skip_test_passed=False, packages_select=['pico_kinova'], packages_skip=None, packages_select_regex=None, packages_skip_regex=None, packages_start=None, packages_end=None, allow_overriding=[], cmake_args=None, cmake_target=None, cmake_target_skip_unavailable=False, cmake_clean_cache=False, cmake_clean_first=False, cmake_force_configure=False, ament_cmake_args=None, catkin_cmake_args=None, catkin_skip_building_tests=False, mixin_files=None, mixin=None, verb_parser=<colcon_mixin.mixin.mixin_argument.MixinArgumentDecorator object at 0x734593793dc0>, verb_extension=<colcon_core.verb.build.BuildVerb object at 0x7345938b53f0>, main=<bound method BuildVerb.main of <colcon_core.verb.build.BuildVerb object at 0x7345938b53f0>>, mixin_verb=('build',))
[0.228s] Level 1:colcon.colcon_core.package_discovery:discover_packages(colcon_meta) check parameters
[0.228s] Level 1:colcon.colcon_core.package_discovery:discover_packages(recursive) check parameters
[0.228s] Level 1:colcon.colcon_core.package_discovery:discover_packages(ignore) check parameters
[0.228s] Level 1:colcon.colcon_core.package_discovery:discover_packages(path) check parameters
[0.228s] Level 1:colcon.colcon_core.package_discovery:discover_packages(colcon_meta) discover
[0.228s] Level 1:colcon.colcon_core.package_discovery:discover_packages(recursive) discover
[0.228s] INFO:colcon.colcon_core.package_discovery:Crawling recursively for packages in '/home/rpp/Desktop/pico_kinova/pico_kinova'
[0.228s] Level 1:colcon.colcon_core.package_identification:_identify(.) by extensions ['ignore', 'ignore_ament_install']
[0.228s] Level 1:colcon.colcon_core.package_identification:_identify(.) by extension 'ignore'
[0.228s] Level 1:colcon.colcon_core.package_identification:_identify(.) by extension 'ignore_ament_install'
[0.228s] Level 1:colcon.colcon_core.package_identification:_identify(.) by extensions ['colcon_pkg']
[0.228s] Level 1:colcon.colcon_core.package_identification:_identify(.) by extension 'colcon_pkg'
[0.228s] Level 1:colcon.colcon_core.package_identification:_identify(.) by extensions ['colcon_meta']
[0.228s] Level 1:colcon.colcon_core.package_identification:_identify(.) by extension 'colcon_meta'
[0.228s] Level 1:colcon.colcon_core.package_identification:_identify(.) by extensions ['ros']
[0.228s] Level 1:colcon.colcon_core.package_identification:_identify(.) by extension 'ros'
[0.247s] DEBUG:colcon.colcon_core.package_identification:Package '.' with type 'ros.ament_cmake' and name 'pico_kinova'
[0.247s] Level 1:colcon.colcon_core.package_discovery:discover_packages(recursive) using defaults
[0.247s] Level 1:colcon.colcon_core.package_discovery:discover_packages(ignore) discover
[0.247s] Level 1:colcon.colcon_core.package_discovery:discover_packages(ignore) using defaults
[0.247s] Level 1:colcon.colcon_core.package_discovery:discover_packages(path) discover
[0.247s] Level 1:colcon.colcon_core.package_discovery:discover_packages(path) using defaults
[0.262s] Level 1:colcon.colcon_core.package_discovery:discover_packages(prefix_path) check parameters
[0.262s] Level 1:colcon.colcon_core.package_discovery:discover_packages(prefix_path) discover
[0.265s] DEBUG:colcon.colcon_installed_package_information.package_discovery:Found 1 installed packages in /home/rpp/Desktop/pico_kinova/pico_kinova/install
[0.266s] DEBUG:colcon.colcon_installed_package_information.package_discovery:Found 91 installed packages in /home/rpp/rpp_ws/install
[0.268s] DEBUG:colcon.colcon_installed_package_information.package_discovery:Found 454 installed packages in /opt/ros/humble
[0.269s] Level 1:colcon.colcon_core.package_discovery:discover_packages(prefix_path) using defaults
[0.306s] Level 5:colcon.colcon_core.verb:set package 'pico_kinova' build argument 'cmake_args' from command line to 'None'
[0.306s] Level 5:colcon.colcon_core.verb:set package 'pico_kinova' build argument 'cmake_target' from command line to 'None'
[0.306s] Level 5:colcon.colcon_core.verb:set package 'pico_kinova' build argument 'cmake_target_skip_unavailable' from command line to 'False'
[0.306s] Level 5:colcon.colcon_core.verb:set package 'pico_kinova' build argument 'cmake_clean_cache' from command line to 'False'
[0.306s] Level 5:colcon.colcon_core.verb:set package 'pico_kinova' build argument 'cmake_clean_first' from command line to 'False'
[0.306s] Level 5:colcon.colcon_core.verb:set package 'pico_kinova' build argument 'cmake_force_configure' from command line to 'False'
[0.306s] Level 5:colcon.colcon_core.verb:set package 'pico_kinova' build argument 'ament_cmake_args' from command line to 'None'
[0.306s] Level 5:colcon.colcon_core.verb:set package 'pico_kinova' build argument 'catkin_cmake_args' from command line to 'None'
[0.306s] Level 5:colcon.colcon_core.verb:set package 'pico_kinova' build argument 'catkin_skip_building_tests' from command line to 'False'
[0.306s] DEBUG:colcon.colcon_core.verb:Building package 'pico_kinova' with the following arguments: {'ament_cmake_args': None, 'build_base': '/home/rpp/Desktop/pico_kinova/pico_kinova/build/pico_kinova', 'catkin_cmake_args': None, 'catkin_skip_building_tests': False, 'cmake_args': None, 'cmake_clean_cache': False, 'cmake_clean_first': False, 'cmake_force_configure': False, 'cmake_target': None, 'cmake_target_skip_unavailable': False, 'install_base': '/home/rpp/Desktop/pico_kinova/pico_kinova/install/pico_kinova', 'merge_install': False, 'path': '/home/rpp/Desktop/pico_kinova/pico_kinova', 'symlink_install': False, 'test_result_base': None}
[0.306s] INFO:colcon.colcon_core.executor:Executing jobs using 'parallel' executor
[0.307s] DEBUG:colcon.colcon_parallel_executor.executor.parallel:run_until_complete
[0.307s] INFO:colcon.colcon_ros.task.ament_cmake.build:Building ROS package in '/home/rpp/Desktop/pico_kinova/pico_kinova' with build type 'ament_cmake'
[0.307s] INFO:colcon.colcon_cmake.task.cmake.build:Building CMake package in '/home/rpp/Desktop/pico_kinova/pico_kinova'
[0.309s] INFO:colcon.colcon_core.plugin_system:Skipping extension 'colcon_core.shell.bat': Not used on non-Windows systems
[0.309s] INFO:colcon.colcon_core.shell:Skip shell extension 'powershell' for command environment: Not usable outside of PowerShell
[0.309s] DEBUG:colcon.colcon_core.shell:Skip shell extension 'dsv' for command environment
[0.321s] DEBUG:colcon.colcon_core.event_handler.log_command:Invoking command in '/home/rpp/Desktop/pico_kinova/pico_kinova/build/pico_kinova': CMAKE_PREFIX_PATH=${CMAKE_PREFIX_PATH}:/home/rpp/rpp_ws/install/teleop_init_202510:/home/rpp/rpp_ws/install/setting_info:/home/rpp/rpp_ws/install/nav2_simple_commander:/home/rpp/rpp_ws/install/my_moveit_control:/home/rpp/rpp_ws/install/moveit_control:/home/rpp/rpp_ws/install/gui_control:/home/rpp/rpp_ws/install/graphic_display:/home/rpp/rpp_ws/install/linker_hand_ros2_sdk:/home/rpp/rpp_ws/install/dual_arm_cartesian_control:/home/rpp/rpp_ws/install/dual_arm_bt_control:/home/rpp/rpp_ws/install/bt_task_manager_ros2:/opt/ros/humble CONDA_PROMPT_MODIFIER=(base) /usr/bin/cmake --build /home/rpp/Desktop/pico_kinova/pico_kinova/build/pico_kinova -- -j24 -l24
[10.892s] DEBUG:colcon.colcon_core.event_handler.log_command:Invoked command in '/home/rpp/Desktop/pico_kinova/pico_kinova/build/pico_kinova' returned '0': CMAKE_PREFIX_PATH=${CMAKE_PREFIX_PATH}:/home/rpp/rpp_ws/install/teleop_init_202510:/home/rpp/rpp_ws/install/setting_info:/home/rpp/rpp_ws/install/nav2_simple_commander:/home/rpp/rpp_ws/install/my_moveit_control:/home/rpp/rpp_ws/install/moveit_control:/home/rpp/rpp_ws/install/gui_control:/home/rpp/rpp_ws/install/graphic_display:/home/rpp/rpp_ws/install/linker_hand_ros2_sdk:/home/rpp/rpp_ws/install/dual_arm_cartesian_control:/home/rpp/rpp_ws/install/dual_arm_bt_control:/home/rpp/rpp_ws/install/bt_task_manager_ros2:/opt/ros/humble CONDA_PROMPT_MODIFIER=(base) /usr/bin/cmake --build /home/rpp/Desktop/pico_kinova/pico_kinova/build/pico_kinova -- -j24 -l24
[10.903s] DEBUG:colcon.colcon_core.event_handler.log_command:Invoking command in '/home/rpp/Desktop/pico_kinova/pico_kinova/build/pico_kinova': CMAKE_PREFIX_PATH=${CMAKE_PREFIX_PATH}:/home/rpp/rpp_ws/install/teleop_init_202510:/home/rpp/rpp_ws/install/setting_info:/home/rpp/rpp_ws/install/nav2_simple_commander:/home/rpp/rpp_ws/install/my_moveit_control:/home/rpp/rpp_ws/install/moveit_control:/home/rpp/rpp_ws/install/gui_control:/home/rpp/rpp_ws/install/graphic_display:/home/rpp/rpp_ws/install/linker_hand_ros2_sdk:/home/rpp/rpp_ws/install/dual_arm_cartesian_control:/home/rpp/rpp_ws/install/dual_arm_bt_control:/home/rpp/rpp_ws/install/bt_task_manager_ros2:/opt/ros/humble CONDA_PROMPT_MODIFIER=(base) /usr/bin/cmake --install /home/rpp/Desktop/pico_kinova/pico_kinova/build/pico_kinova
[10.925s] Level 1:colcon.colcon_core.environment:create_environment_scripts_only(pico_kinova)
[10.926s] DEBUG:colcon.colcon_core.event_handler.log_command:Invoked command in '/home/rpp/Desktop/pico_kinova/pico_kinova/build/pico_kinova' returned '0': CMAKE_PREFIX_PATH=${CMAKE_PREFIX_PATH}:/home/rpp/rpp_ws/install/teleop_init_202510:/home/rpp/rpp_ws/install/setting_info:/home/rpp/rpp_ws/install/nav2_simple_commander:/home/rpp/rpp_ws/install/my_moveit_control:/home/rpp/rpp_ws/install/moveit_control:/home/rpp/rpp_ws/install/gui_control:/home/rpp/rpp_ws/install/graphic_display:/home/rpp/rpp_ws/install/linker_hand_ros2_sdk:/home/rpp/rpp_ws/install/dual_arm_cartesian_control:/home/rpp/rpp_ws/install/dual_arm_bt_control:/home/rpp/rpp_ws/install/bt_task_manager_ros2:/opt/ros/humble CONDA_PROMPT_MODIFIER=(base) /usr/bin/cmake --install /home/rpp/Desktop/pico_kinova/pico_kinova/build/pico_kinova
[10.928s] Level 1:colcon.colcon_core.environment:checking '/home/rpp/Desktop/pico_kinova/pico_kinova/install/pico_kinova' for CMake module files
[10.928s] Level 1:colcon.colcon_core.environment:checking '/home/rpp/Desktop/pico_kinova/pico_kinova/install/pico_kinova' for CMake config files
[10.928s] Level 1:colcon.colcon_core.shell:create_environment_hook('pico_kinova', 'cmake_prefix_path')
[10.928s] INFO:colcon.colcon_core.shell:Creating environment hook '/home/rpp/Desktop/pico_kinova/pico_kinova/install/pico_kinova/share/pico_kinova/hook/cmake_prefix_path.ps1'
[10.929s] INFO:colcon.colcon_core.shell:Creating environment descriptor '/home/rpp/Desktop/pico_kinova/pico_kinova/install/pico_kinova/share/pico_kinova/hook/cmake_prefix_path.dsv'
[10.929s] INFO:colcon.colcon_core.shell:Creating environment hook '/home/rpp/Desktop/pico_kinova/pico_kinova/install/pico_kinova/share/pico_kinova/hook/cmake_prefix_path.sh'
[10.930s] Level 1:colcon.colcon_core.environment:checking '/home/rpp/Desktop/pico_kinova/pico_kinova/install/pico_kinova/lib'
[10.930s] Level 1:colcon.colcon_core.shell:create_environment_hook('pico_kinova', 'ld_library_path_lib')
[10.930s] INFO:colcon.colcon_core.shell:Creating environment hook '/home/rpp/Desktop/pico_kinova/pico_kinova/install/pico_kinova/share/pico_kinova/hook/ld_library_path_lib.ps1'
[10.930s] INFO:colcon.colcon_core.shell:Creating environment descriptor '/home/rpp/Desktop/pico_kinova/pico_kinova/install/pico_kinova/share/pico_kinova/hook/ld_library_path_lib.dsv'
[10.931s] INFO:colcon.colcon_core.shell:Creating environment hook '/home/rpp/Desktop/pico_kinova/pico_kinova/install/pico_kinova/share/pico_kinova/hook/ld_library_path_lib.sh'
[10.931s] Level 1:colcon.colcon_core.environment:checking '/home/rpp/Desktop/pico_kinova/pico_kinova/install/pico_kinova/bin'
[10.931s] Level 1:colcon.colcon_core.environment:checking '/home/rpp/Desktop/pico_kinova/pico_kinova/install/pico_kinova/lib/pkgconfig/pico_kinova.pc'
[10.931s] Level 1:colcon.colcon_core.environment:checking '/home/rpp/Desktop/pico_kinova/pico_kinova/install/pico_kinova/lib/python3.10/site-packages'
[10.931s] Level 1:colcon.colcon_core.environment:checking '/home/rpp/Desktop/pico_kinova/pico_kinova/install/pico_kinova/bin'
[10.932s] INFO:colcon.colcon_core.shell:Creating package script '/home/rpp/Desktop/pico_kinova/pico_kinova/install/pico_kinova/share/pico_kinova/package.ps1'
[10.932s] INFO:colcon.colcon_core.shell:Creating package descriptor '/home/rpp/Desktop/pico_kinova/pico_kinova/install/pico_kinova/share/pico_kinova/package.dsv'
[10.933s] INFO:colcon.colcon_core.shell:Creating package script '/home/rpp/Desktop/pico_kinova/pico_kinova/install/pico_kinova/share/pico_kinova/package.sh'
[10.933s] INFO:colcon.colcon_core.shell:Creating package script '/home/rpp/Desktop/pico_kinova/pico_kinova/install/pico_kinova/share/pico_kinova/package.bash'
[10.934s] INFO:colcon.colcon_core.shell:Creating package script '/home/rpp/Desktop/pico_kinova/pico_kinova/install/pico_kinova/share/pico_kinova/package.zsh'
[10.934s] Level 1:colcon.colcon_core.environment:create_file_with_runtime_dependencies(/home/rpp/Desktop/pico_kinova/pico_kinova/install/pico_kinova/share/colcon-core/packages/pico_kinova)
[10.934s] Level 1:colcon.colcon_core.environment:create_environment_scripts_only(pico_kinova)
[10.935s] Level 1:colcon.colcon_core.environment:checking '/home/rpp/Desktop/pico_kinova/pico_kinova/install/pico_kinova' for CMake module files
[10.935s] Level 1:colcon.colcon_core.environment:checking '/home/rpp/Desktop/pico_kinova/pico_kinova/install/pico_kinova' for CMake config files
[10.935s] Level 1:colcon.colcon_core.shell:create_environment_hook('pico_kinova', 'cmake_prefix_path')
[10.935s] INFO:colcon.colcon_core.shell:Creating environment hook '/home/rpp/Desktop/pico_kinova/pico_kinova/install/pico_kinova/share/pico_kinova/hook/cmake_prefix_path.ps1'
[10.935s] INFO:colcon.colcon_core.shell:Creating environment descriptor '/home/rpp/Desktop/pico_kinova/pico_kinova/install/pico_kinova/share/pico_kinova/hook/cmake_prefix_path.dsv'
[10.935s] INFO:colcon.colcon_core.shell:Creating environment hook '/home/rpp/Desktop/pico_kinova/pico_kinova/install/pico_kinova/share/pico_kinova/hook/cmake_prefix_path.sh'
[10.936s] Level 1:colcon.colcon_core.environment:checking '/home/rpp/Desktop/pico_kinova/pico_kinova/install/pico_kinova/lib'
[10.936s] Level 1:colcon.colcon_core.shell:create_environment_hook('pico_kinova', 'ld_library_path_lib')
[10.936s] INFO:colcon.colcon_core.shell:Creating environment hook '/home/rpp/Desktop/pico_kinova/pico_kinova/install/pico_kinova/share/pico_kinova/hook/ld_library_path_lib.ps1'
[10.936s] INFO:colcon.colcon_core.shell:Creating environment descriptor '/home/rpp/Desktop/pico_kinova/pico_kinova/install/pico_kinova/share/pico_kinova/hook/ld_library_path_lib.dsv'
[10.936s] INFO:colcon.colcon_core.shell:Creating environment hook '/home/rpp/Desktop/pico_kinova/pico_kinova/install/pico_kinova/share/pico_kinova/hook/ld_library_path_lib.sh'
[10.937s] Level 1:colcon.colcon_core.environment:checking '/home/rpp/Desktop/pico_kinova/pico_kinova/install/pico_kinova/bin'
[10.937s] Level 1:colcon.colcon_core.environment:checking '/home/rpp/Desktop/pico_kinova/pico_kinova/install/pico_kinova/lib/pkgconfig/pico_kinova.pc'
[10.937s] Level 1:colcon.colcon_core.environment:checking '/home/rpp/Desktop/pico_kinova/pico_kinova/install/pico_kinova/lib/python3.10/site-packages'
[10.937s] Level 1:colcon.colcon_core.environment:checking '/home/rpp/Desktop/pico_kinova/pico_kinova/install/pico_kinova/bin'
[10.937s] INFO:colcon.colcon_core.shell:Creating package script '/home/rpp/Desktop/pico_kinova/pico_kinova/install/pico_kinova/share/pico_kinova/package.ps1'
[10.937s] INFO:colcon.colcon_core.shell:Creating package descriptor '/home/rpp/Desktop/pico_kinova/pico_kinova/install/pico_kinova/share/pico_kinova/package.dsv'
[10.938s] INFO:colcon.colcon_core.shell:Creating package script '/home/rpp/Desktop/pico_kinova/pico_kinova/install/pico_kinova/share/pico_kinova/package.sh'
[10.938s] INFO:colcon.colcon_core.shell:Creating package script '/home/rpp/Desktop/pico_kinova/pico_kinova/install/pico_kinova/share/pico_kinova/package.bash'
[10.938s] INFO:colcon.colcon_core.shell:Creating package script '/home/rpp/Desktop/pico_kinova/pico_kinova/install/pico_kinova/share/pico_kinova/package.zsh'
[10.938s] Level 1:colcon.colcon_core.environment:create_file_with_runtime_dependencies(/home/rpp/Desktop/pico_kinova/pico_kinova/install/pico_kinova/share/colcon-core/packages/pico_kinova)
[10.939s] DEBUG:colcon.colcon_parallel_executor.executor.parallel:closing loop
[10.939s] DEBUG:colcon.colcon_parallel_executor.executor.parallel:loop closed
[10.939s] DEBUG:colcon.colcon_parallel_executor.executor.parallel:run_until_complete finished with '0'
[10.939s] DEBUG:colcon.colcon_core.event_reactor:joining thread
[10.943s] INFO:colcon.colcon_core.plugin_system:Skipping extension 'colcon_notification.desktop_notification.terminal_notifier': Not used on non-Darwin systems
[10.943s] INFO:colcon.colcon_core.plugin_system:Skipping extension 'colcon_notification.desktop_notification.win32': Not used on non-Windows systems
[10.943s] INFO:colcon.colcon_notification.desktop_notification:Sending desktop notification using 'notify2'
[10.950s] DEBUG:colcon.colcon_core.event_reactor:joined thread
[10.951s] INFO:colcon.colcon_core.shell:Creating prefix script '/home/rpp/Desktop/pico_kinova/pico_kinova/install/local_setup.ps1'
[10.951s] INFO:colcon.colcon_core.shell:Creating prefix util module '/home/rpp/Desktop/pico_kinova/pico_kinova/install/_local_setup_util_ps1.py'
[10.952s] INFO:colcon.colcon_core.shell:Creating prefix chain script '/home/rpp/Desktop/pico_kinova/pico_kinova/install/setup.ps1'
[10.954s] INFO:colcon.colcon_core.shell:Creating prefix script '/home/rpp/Desktop/pico_kinova/pico_kinova/install/local_setup.sh'
[10.955s] INFO:colcon.colcon_core.shell:Creating prefix util module '/home/rpp/Desktop/pico_kinova/pico_kinova/install/_local_setup_util_sh.py'
[10.955s] INFO:colcon.colcon_core.shell:Creating prefix chain script '/home/rpp/Desktop/pico_kinova/pico_kinova/install/setup.sh'
[10.957s] INFO:colcon.colcon_core.shell:Creating prefix script '/home/rpp/Desktop/pico_kinova/pico_kinova/install/local_setup.bash'
[10.957s] INFO:colcon.colcon_core.shell:Creating prefix chain script '/home/rpp/Desktop/pico_kinova/pico_kinova/install/setup.bash'
[10.960s] INFO:colcon.colcon_core.shell:Creating prefix script '/home/rpp/Desktop/pico_kinova/pico_kinova/install/local_setup.zsh'
[10.960s] INFO:colcon.colcon_core.shell:Creating prefix chain script '/home/rpp/Desktop/pico_kinova/pico_kinova/install/setup.zsh'
